[
	{
		"ID": "-- Dynamic value --",
		"CreatedAt": "-- Dynamic value --",
		"UpdatedAt": "-- Dynamic value --",
		"ReservationID": "fb126c8c-d059-11f0-8fa4-b35f33be83b7",
		"Type": "FOOD",
		"Name": "Candy Bar",
		"Count": 3,
		"PricePerItemCents": 250
	},
	{
		"ID": "-- Dynamic value --",
		"CreatedAt": "-- Dynamic value --",
		"UpdatedAt": "-- Dynamic value --",
		"ReservationID": "fb126c8c-d059-11f0-8fa4-b35f33be83b7",
		"Type": "DRINK",
		"Name": "Cola",
		"Count": 2,
		"PricePerItemCents": 350
	},
	{
		"ID": "-- Dynamic value --",
		"CreatedAt": "-- Dynamic value --",
		"UpdatedAt": "-- Dynamic value --",
		"ReservationID": "bae209f6-d059-11f0-b2a4-cbf992c2eb6d",
		"Type": "FOOD",
		"Name": "Hot Dog",
		"Count": 1,
		"PricePerItemCents": 400
	},
	{
		"ID": "-- Dynamic value --",
		"CreatedAt": "-- Dynamic value --",
		"UpdatedAt": "-- Dynamic value --",
		"ReservationID": "fb126c8c-d059-11f0-8fa4-b35f33be83b7",
		"Type": "SNACK",
		"Name": "Nachos",
		"Count": 1,
		"PricePerItemCents": 450
	},
	{
		"ID": "-- Dynamic value --",
		"CreatedAt": "-- Dynamic value --",
		"UpdatedAt": "-- Dynamic value --",
		"ReservationID": "fb126c8c-d059-11f0-8fa4-b35f33be83b7",
		"Type": "FOOD",
		"Name": "Popcorn",
		"Count": 1,
		"PricePerItemCents": 550
	}
]